66.249.76.98 - - [12/Aug/2016:06:26:33 +0200] "GET /kod-exempel/dynamic_php_menu/ HTTP/1.1" 301 3859 "-" "Mozilla/5.0 (compatible; Googlebot/2.1; +http://www.google.com/bot.html)"
157.55.39.167 - - [12/Aug/2016:06:27:52 +0200] "GET /kunskap/kategori HTTP/1.1" 404 14771 "-" "Mozilla/5.0 (compatible; bingbot/2.0; +http://www.bing.com/bingbot.htm)"
207.46.13.93 - - [12/Aug/2016:06:27:58 +0200] "GET /uppgift/utskrift/din-egen-chattbot-marvin-steg-1 HTTP/1.1" 404 14867 "-" "Mozilla/5.0 (compatible; bingbot/2.0; +http://www.bing.com/bingbot.htm)"
207.46.13.93 - - [12/Aug/2016:06:28:19 +0200] "GET /f/37601 HTTP/1.1" 301 4295 "-" "Mozilla/5.0 (compatible; bingbot/2.0; +http://www.bing.com/bingbot.htm)"
130.193.51.33 - - [12/Aug/2016:06:29:28 +0200] "GET /img/atom/atom-settings-fileencoding.png HTTP/1.1" 200 6690 "-" "Mozilla/5.0 (compatible; YandexImages/3.0; +http://yandex.com/bots)"
66.249.76.98 - - [12/Aug/2016:06:29:37 +0200] "GET /v2/kunskap/kom-i-gang-med-php-pa-20-steg HTTP/1.1" 404 14403 "-" "Mozilla/5.0 (Linux; Android 6.0.1; Nexus 5X Build/MMB29P) AppleWebKit/537.36 (KHTML, like Gecko) Chrome/41.0.2272.96 Mobile Safari/537.36 (compatible; Googlebot/2.1; +http://www.google.com/bot.html)"
207.46.13.93 - - [12/Aug/2016:06:29:48 +0200] "GET /f/23188 HTTP/1.1" 301 4295 "-" "Mozilla/5.0 (compatible; bingbot/2.0; +http://www.bing.com/bingbot.htm)"
104.207.144.246 - - [12/Aug/2016:06:30:27 +0200] "GET / HTTP/1.1" 200 9703 "-" "PINGOMETER_BOT_(HTTPS://PINGOMETER.COM)"
65.19.138.35 - - [12/Aug/2016:06:31:23 +0200] "GET /forum/feed.php HTTP/1.1" 200 27110 "-" "Feedly/1.0 (+http://www.feedly.com/fetcher.html; like FeedFetcher-Google)"
66.249.76.98 - - [12/Aug/2016:06:32:25 +0200] "GET /image/snap/anax-mvc-comments-views-missing.png?w=w2 HTTP/1.1" 200 40616 "-" "Googlebot-Image/1.0"
151.80.31.182 - - [12/Aug/2016:06:32:42 +0200] "GET /kod-exempel/source.php?dir=gor-din-egen-filmdatabas/img/movie HTTP/1.1" 301 3677 "-" "Mozilla/5.0 (compatible; AhrefsBot/5.1; +http://ahrefs.com/robot/)"
84.217.12.75 - - [12/Aug/2016:06:32:59 +0200] "GET /javascript/kmom06 HTTP/1.1" 302 3799 "-" "Mozilla/5.0 (Windows NT 10.0; WOW64) AppleWebKit/537.36 (KHTML, like Gecko) Chrome/51.0.2704.103 Safari/537.36"
84.217.12.75 - - [12/Aug/2016:06:32:59 +0200] "GET /kurser/javascript/kmom06 HTTP/1.1" 200 5981 "-" "Mozilla/5.0 (Windows NT 10.0; WOW64) AppleWebKit/537.36 (KHTML, like Gecko) Chrome/51.0.2704.103 Safari/537.36"
66.249.76.98 - - [12/Aug/2016:06:33:13 +0200] "GET / HTTP/1.1" 200 9698 "-" "Mozilla/5.0 (compatible; Googlebot/2.1; +http://www.google.com/bot.html)"
157.55.39.167 - - [12/Aug/2016:06:33:34 +0200] "GET /forum/viewtopic.php?t=2237 HTTP/1.1" 200 10321 "-" "Mozilla/5.0 (compatible; bingbot/2.0; +http://www.bing.com/bingbot.htm)"
51.255.65.80 - - [12/Aug/2016:06:33:34 +0200] "GET /forum/viewtopic.php?f=13&t=4817 HTTP/1.1" 200 10081 "-" "Mozilla/5.0 (compatible; AhrefsBot/5.1; +http://ahrefs.com/robot/)"
84.217.12.75 - - [12/Aug/2016:06:34:03 +0200] "GET /kunskap/boken-pro-html5-programming HTTP/1.1" 200 5469 "https://dbwebb.se/kurser/javascript/kmom06" "Mozilla/5.0 (Windows NT 10.0; WOW64) AppleWebKit/537.36 (KHTML, like Gecko) Chrome/51.0.2704.103 Safari/537.36"
84.217.12.75 - - [12/Aug/2016:06:34:03 +0200] "GET /img/bok/pro-html5-programming.jpg HTTP/1.1" 200 68851 "https://dbwebb.se/kunskap/boken-pro-html5-programming" "Mozilla/5.0 (Windows NT 10.0; WOW64) AppleWebKit/537.36 (KHTML, like Gecko) Chrome/51.0.2704.103 Safari/537.36"
84.217.12.75 - - [12/Aug/2016:06:34:09 +0200] "GET /kunskap/bth-s-labbmiljo-for-node-js-och-npm HTTP/1.1" 200 5862 "https://dbwebb.se/kurser/javascript/kmom06" "Mozilla/5.0 (Windows NT 10.0; WOW64) AppleWebKit/537.36 (KHTML, like Gecko) Chrome/51.0.2704.103 Safari/537.36"
84.217.12.75 - - [12/Aug/2016:06:34:13 +0200] "GET /kunskap/kom-igang-med-html5-websockets-och-node-js HTTP/1.1" 200 13183 "https://dbwebb.se/kurser/javascript/kmom06" "Mozilla/5.0 (Windows NT 10.0; WOW64) AppleWebKit/537.36 (KHTML, like Gecko) Chrome/51.0.2704.103 Safari/537.36"
84.217.12.75 - - [12/Aug/2016:06:34:13 +0200] "GET /img/kunskap/javascript/node-js-command-prompt.png HTTP/1.1" 200 134251 "https://dbwebb.se/kunskap/kom-igang-med-html5-websockets-och-node-js" "Mozilla/5.0 (Windows NT 10.0; WOW64) AppleWebKit/537.36 (KHTML, like Gecko) Chrome/51.0.2704.103 Safari/537.36"
84.217.12.75 - - [12/Aug/2016:06:34:13 +0200] "GET /img/kunskap/javascript/node-js-command-prompt-2.png HTTP/1.1" 200 30530 "https://dbwebb.se/kunskap/kom-igang-med-html5-websockets-och-node-js" "Mozilla/5.0 (Windows NT 10.0; WOW64) AppleWebKit/537.36 (KHTML, like Gecko) Chrome/51.0.2704.103 Safari/537.36"
84.217.12.75 - - [12/Aug/2016:06:34:13 +0200] "GET /image/kunskap/javascript/node-js-webbserver.jpg?w=w1&q=70 HTTP/1.1" 200 6913 "https://dbwebb.se/kunskap/kom-igang-med-html5-websockets-och-node-js" "Mozilla/5.0 (Windows NT 10.0; WOW64) AppleWebKit/537.36 (KHTML, like Gecko) Chrome/51.0.2704.103 Safari/537.36"
84.217.12.75 - - [12/Aug/2016:06:34:13 +0200] "GET /image/kunskap/javascript/output-fran-websocket-echo-server.jpg?w=w1&q=70 HTTP/1.1" 200 9793 "https://dbwebb.se/kunskap/kom-igang-med-html5-websockets-och-node-js" "Mozilla/5.0 (Windows NT 10.0; WOW64) AppleWebKit/537.36 (KHTML, like Gecko) Chrome/51.0.2704.103 Safari/537.36"
84.217.12.75 - - [12/Aug/2016:06:34:13 +0200] "GET /img/kunskap/javascript/node-js-command-prompt-3.png HTTP/1.1" 200 35240 "https://dbwebb.se/kunskap/kom-igang-med-html5-websockets-och-node-js" "Mozilla/5.0 (Windows NT 10.0; WOW64) AppleWebKit/537.36 (KHTML, like Gecko) Chrome/51.0.2704.103 Safari/537.36"
84.217.12.75 - - [12/Aug/2016:06:34:13 +0200] "GET /img/kunskap/javascript/node-js-websocket-connect.png HTTP/1.1" 200 105331 "https://dbwebb.se/kunskap/kom-igang-med-html5-websockets-och-node-js" "Mozilla/5.0 (Windows NT 10.0; WOW64) AppleWebKit/537.36 (KHTML, like Gecko) Chrome/51.0.2704.103 Safari/537.36"
66.249.76.98 - - [12/Aug/2016:06:34:13 +0200] "GET /javascript1/repo/example/flag/flag2 HTTP/1.1" 302 3835 "-" "Mozilla/5.0 (Linux; Android 6.0.1; Nexus 5X Build/MMB29P) AppleWebKit/537.36 (KHTML, like Gecko) Chrome/41.0.2272.96 Mobile Safari/537.36 (compatible; Googlebot/2.1; +http://www.google.com/bot.html)"
66.249.76.98 - - [12/Aug/2016:06:34:13 +0200] "GET /kurser/javascript1/repo/example/flag/flag2 HTTP/1.1" 404 11237 "-" "Mozilla/5.0 (Linux; Android 6.0.1; Nexus 5X Build/MMB29P) AppleWebKit/537.36 (KHTML, like Gecko) Chrome/41.0.2272.96 Mobile Safari/537.36 (compatible; Googlebot/2.1; +http://www.google.com/bot.html)"
157.55.39.167 - - [12/Aug/2016:06:35:10 +0200] "GET /f/34827 HTTP/1.1" 301 4295 "-" "Mozilla/5.0 (compatible; bingbot/2.0; +http://www.bing.com/bingbot.htm)"
130.193.51.33 - - [12/Aug/2016:06:35:23 +0200] "GET /img/cygwin/ HTTP/1.1" 200 3997 "-" "Mozilla/5.0 (iPhone; CPU iPhone OS 8_1 like Mac OS X) AppleWebKit/600.1.4 (KHTML, like Gecko) Version/8.0 Mobile/12B411 Safari/600.1.4 (compatible; YandexMobileBot/3.0; +http://yandex.com/bots)"
130.193.51.33 - - [12/Aug/2016:06:35:24 +0200] "GET /img/cygwin/ HTTP/1.1" 200 819 "-" "Mozilla/5.0 (iPhone; CPU iPhone OS 8_1 like Mac OS X) AppleWebKit/600.1.4 (KHTML, like Gecko) Version/8.0 Mobile/12B411 Safari/600.1.4 (compatible; YandexMobileBot/3.0; +http://yandex.com/bots)"
151.80.31.109 - - [12/Aug/2016:06:36:03 +0200] "GET /forum/viewtopic.php?f=21&t=137&view=print HTTP/1.1" 200 5070 "-" "Mozilla/5.0 (compatible; AhrefsBot/5.1; +http://ahrefs.com/robot/)"
123.217.113.134 - - [12/Aug/2016:06:37:08 +0200] "GET /wp-login.php HTTP/1.1" 404 14319 "-" "Mozilla/5.0 (Windows NT 6.1; WOW64; rv:40.0) Gecko/20100101 Firefox/40.1"
123.217.113.134 - - [12/Aug/2016:06:37:09 +0200] "GET / HTTP/1.1" 200 24496 "-" "Mozilla/5.0 (Windows NT 6.1; WOW64; rv:40.0) Gecko/20100101 Firefox/40.1"
157.55.39.167 - - [12/Aug/2016:06:37:42 +0200] "GET /kurser/javascript1/kmom01 HTTP/1.1" 200 10179 "-" "Mozilla/5.0 (compatible; bingbot/2.0; +http://www.bing.com/bingbot.htm)"
157.55.39.167 - - [12/Aug/2016:06:37:48 +0200] "GET /forum/viewtopic.php?t=1232 HTTP/1.1" 200 9836 "-" "Mozilla/5.0 (compatible; bingbot/2.0; +http://www.bing.com/bingbot.htm)"
40.77.167.63 - - [12/Aug/2016:06:38:08 +0200] "GET /f/44211 HTTP/1.1" 301 4295 "-" "Mozilla/5.0 (compatible; bingbot/2.0; +http://www.bing.com/bingbot.htm)"
157.55.39.167 - - [12/Aug/2016:06:38:25 +0200] "GET /forum/viewtopic.php?p=13330 HTTP/1.1" 200 9809 "-" "Mozilla/5.0 (compatible; bingbot/2.0; +http://www.bing.com/bingbot.htm)"
66.249.76.102 - - [12/Aug/2016:06:39:02 +0200] "GET /forum/viewtopic.php?f=9&t=980 HTTP/1.1" 200 9082 "-" "Mozilla/5.0 (Linux; Android 6.0.1; Nexus 5X Build/MMB29P) AppleWebKit/537.36 (KHTML, like Gecko) Chrome/41.0.2272.96 Mobile Safari/537.36 (compatible; Googlebot/2.1; +http://www.google.com/bot.html)"
127.0.0.1 - - [12/Aug/2016:06:40:01 +0200] "POST /forum/ucp.php?mode=login HTTP/1.1" 200 18168 "-" "Mozilla/4.0 (compatible; MSIE 6.0; FreeBSD 8.1)"
127.0.0.1 - - [12/Aug/2016:06:40:01 +0200] "POST /forum/feed.php HTTP/1.1" 200 28667 "-" "Mozilla/4.0 (compatible; MSIE 6.0; FreeBSD 8.1)"
66.249.76.100 - - [12/Aug/2016:06:41:24 +0200] "GET /repo/htmlphp/example/bmo/img/250/parlkrans_handslag.jpg HTTP/1.1" 200 23510 "-" "Googlebot-Image/1.0"
207.46.13.30 - - [12/Aug/2016:06:41:26 +0200] "GET /forum/viewtopic.php?p=9688 HTTP/1.1" 200 20706 "-" "Mozilla/5.0 (compatible; bingbot/2.0; +http://www.bing.com/bingbot.htm)"
123.77.206.247 - - [12/Aug/2016:06:43:19 +0200] "GET /omvarldsbevakning/feed/phpbb HTTP/1.0" 404 14370 "http://dbwebb.se/omvarldsbevakning/feed/phpbb" "Mozilla/5.0 (Windows NT 5.1; rv:43.0) Gecko/20100101 Firefox/43.0"
123.77.206.247 - - [12/Aug/2016:06:43:21 +0200] "GET / HTTP/1.0" 200 27269 "http://dbwebb.se/" "Mozilla/5.0 (Windows NT 5.1; rv:43.0) Gecko/20100101 Firefox/43.0"
123.77.206.247 - - [12/Aug/2016:06:43:23 +0200] "GET /forum HTTP/1.0" 301 3765 "http://dbwebb.se/forum" "Mozilla/5.0 (Windows NT 5.1; rv:43.0) Gecko/20100101 Firefox/43.0"
123.77.206.247 - - [12/Aug/2016:06:43:24 +0200] "GET /forum/ HTTP/1.0" 200 35284 "http://dbwebb.se/forum/" "Mozilla/5.0 (Windows NT 5.1; rv:43.0) Gecko/20100101 Firefox/43.0"
123.77.206.247 - - [12/Aug/2016:06:43:26 +0200] "GET /forum/viewforum.php?f=12&sid=d5b505f433891f436537b4e16514c7ba HTTP/1.0" 200 45611 "http://dbwebb.se/viewforum.php?f=12&sid=d5b505f433891f436537b4e16514c7ba" "Mozilla/5.0 (Windows NT 5.1; rv:43.0) Gecko/20100101 Firefox/43.0"
123.77.206.247 - - [12/Aug/2016:06:43:29 +0200] "GET /forum/posting.php?mode=post&f=12 HTTP/1.0" 200 19047 "http://dbwebb.se/posting.php?mode=post&f=12" "Mozilla/5.0 (Windows NT 5.1; rv:43.0) Gecko/20100101 Firefox/43.0"
123.77.206.247 - - [12/Aug/2016:06:43:30 +0200] "GET /forum/ucp.php?mode=register HTTP/1.0" 200 19634 "http://dbwebb.se/ucp.php?mode=register" "Mozilla/5.0 (Windows NT 5.1; rv:43.0) Gecko/20100101 Firefox/43.0"
207.46.13.93 - - [12/Aug/2016:06:43:33 +0200] "GET /webapp/studieplan HTTP/1.1" 302 4239 "-" "Mozilla/5.0 (compatible; bingbot/2.0; +http://www.bing.com/bingbot.htm)"
207.46.13.93 - - [12/Aug/2016:06:43:34 +0200] "GET /kurser/webapp/studieplan HTTP/1.1" 404 14795 "-" "Mozilla/5.0 (compatible; bingbot/2.0; +http://www.bing.com/bingbot.htm)"
123.77.206.247 - - [12/Aug/2016:06:43:37 +0200] "POST /forum/ucp.php?mode=register HTTP/1.0" 200 27278 "http://dbwebb.se/forum/ucp.php?mode=register" "Mozilla/5.0 (Windows NT 5.1; rv:43.0) Gecko/20100101 Firefox/43.0"
66.249.76.98 - - [12/Aug/2016:06:43:39 +0200] "GET /kurser/phpmvc HTTP/1.1" 200 12987 "-" "Mozilla/5.0 (Linux; Android 6.0.1; Nexus 5X Build/MMB29P) AppleWebKit/537.36 (KHTML, like Gecko) Chrome/41.0.2272.96 Mobile Safari/537.36 (compatible; Googlebot/2.1; +http://www.google.com/bot.html)"
123.77.206.247 - - [12/Aug/2016:06:43:44 +0200] "POST /forum/ucp.php?mode=register HTTP/1.0" 200 27540 "http://dbwebb.se/forum/ucp.php?mode=register" "Mozilla/5.0 (Windows NT 5.1; rv:43.0) Gecko/20100101 Firefox/43.0"
123.77.206.247 - - [12/Aug/2016:06:43:46 +0200] "GET /forum/ucp.php?mode=login HTTP/1.0" 200 19062 "http://dbwebb.se/ucp.php?mode=login" "Mozilla/5.0 (Windows NT 5.1; rv:43.0) Gecko/20100101 Firefox/43.0"
123.77.206.247 - - [12/Aug/2016:06:43:48 +0200] "POST /forum/ucp.php?mode=login HTTP/1.0" 200 19266 "http://dbwebb.se/forum/ucp.php?mode=login" "Mozilla/5.0 (Windows NT 5.1; rv:43.0) Gecko/20100101 Firefox/43.0"
123.77.206.247 - - [12/Aug/2016:06:43:52 +0200] "GET /omvarldsbevakning/feed/posting.php?mode=post&f=12 HTTP/1.0" 404 14388 "http://dbwebb.se/omvarldsbevakning/feed/posting.php?mode=post&f=12" "Mozilla/5.0 (Windows NT 5.1; rv:43.0) Gecko/20100101 Firefox/43.0"
123.77.206.247 - - [12/Aug/2016:06:43:53 +0200] "GET /feed/posting.php?mode=post&f=12 HTTP/1.0" 404 14334 "http://dbwebb.se/feed/posting.php?mode=post&f=12" "Mozilla/5.0 (Windows NT 5.1; rv:43.0) Gecko/20100101 Firefox/43.0"
123.77.206.247 - - [12/Aug/2016:06:43:55 +0200] "GET /viewforum.php?f=11&sid=d5b505f433891f436537b4e16514c7ba HTTP/1.0" 404 14325 "http://dbwebb.se/viewforum.php?f=11&sid=d5b505f433891f436537b4e16514c7ba" "Mozilla/5.0 (Windows NT 5.1; rv:43.0) Gecko/20100101 Firefox/43.0"
123.77.206.247 - - [12/Aug/2016:06:43:56 +0200] "GET /forum/feed.php HTTP/1.0" 200 26894 "http://dbwebb.se/forum/feed.php" "Mozilla/5.0 (Windows NT 5.1; rv:43.0) Gecko/20100101 Firefox/43.0"
123.77.206.247 - - [12/Aug/2016:06:43:58 +0200] "GET /forum/posting.php?mode=post&f=12 HTTP/1.0" 200 19047 "http://dbwebb.se/posting.php?mode=post&f=12" "Mozilla/5.0 (Windows NT 5.1; rv:43.0) Gecko/20100101 Firefox/43.0"
123.77.206.247 - - [12/Aug/2016:06:44:00 +0200] "GET /forum/viewtopic.php?f=12&t=5091 HTTP/1.0" 200 66242 "http://dbwebb.se/viewtopic.php?f=12&t=5091" "Mozilla/5.0 (Windows NT 5.1; rv:43.0) Gecko/20100101 Firefox/43.0"
123.77.206.247 - - [12/Aug/2016:06:44:02 +0200] "GET /forum/posting.php?mode=reply&f=12&t=5091 HTTP/1.0" 200 19071 "http://dbwebb.se/posting.php?mode=reply&f=12&t=5091" "Mozilla/5.0 (Windows NT 5.1; rv:43.0) Gecko/20100101 Firefox/43.0"
123.77.206.247 - - [12/Aug/2016:06:44:04 +0200] "GET /forum/viewtopic.php?f=18&p=44916&sid=d5b505f433891f436537b4e16514c7ba HTTP/1.0" 200 21937 "http://dbwebb.se/viewtopic.php?f=18&p=44916&sid=d5b505f433891f436537b4e16514c7ba" "Mozilla/5.0 (Windows NT 5.1; rv:43.0) Gecko/20100101 Firefox/43.0"
123.77.206.247 - - [12/Aug/2016:06:44:06 +0200] "GET /forum/posting.php?mode=reply&f=18&t=5403 HTTP/1.0" 200 19071 "http://dbwebb.se/posting.php?mode=reply&f=18&t=5403" "Mozilla/5.0 (Windows NT 5.1; rv:43.0) Gecko/20100101 Firefox/43.0"
123.77.206.247 - - [12/Aug/2016:06:44:08 +0200] "GET /forum/viewtopic.php?f=12&t=5091&p=42337 HTTP/1.0" 200 66242 "http://dbwebb.se/viewtopic.php?f=12&t=5091&p=42337" "Mozilla/5.0 (Windows NT 5.1; rv:43.0) Gecko/20100101 Firefox/43.0"
123.77.206.247 - - [12/Aug/2016:06:44:10 +0200] "GET /forum/posting.php?mode=reply&f=12&t=5091 HTTP/1.0" 200 19071 "http://dbwebb.se/posting.php?mode=reply&f=12&t=5091" "Mozilla/5.0 (Windows NT 5.1; rv:43.0) Gecko/20100101 Firefox/43.0"
123.77.206.247 - - [12/Aug/2016:06:44:12 +0200] "GET /forum/posting.php?mode=reply&f=12&t=5091 HTTP/1.0" 200 19071 "http://dbwebb.se/posting.php?mode=reply&f=12&t=5091" "Mozilla/5.0 (Windows NT 5.1; rv:43.0) Gecko/20100101 Firefox/43.0"
123.77.206.247 - - [12/Aug/2016:06:44:14 +0200] "GET /forum/viewtopic.php?f=12&t=5299&p=44015 HTTP/1.0" 200 25354 "http://dbwebb.se/viewtopic.php?f=12&t=5299&p=44015" "Mozilla/5.0 (Windows NT 5.1; rv:43.0) Gecko/20100101 Firefox/43.0"
123.77.206.247 - - [12/Aug/2016:06:44:16 +0200] "GET /forum/posting.php?mode=reply&f=18&t=5403 HTTP/1.0" 200 19071 "http://dbwebb.se/posting.php?mode=reply&f=18&t=5403" "Mozilla/5.0 (Windows NT 5.1; rv:43.0) Gecko/20100101 Firefox/43.0"
123.77.206.247 - - [12/Aug/2016:06:44:18 +0200] "GET /forum/viewtopic.php?t=5404&p=44926 HTTP/1.0" 200 46503 "http://dbwebb.se/forum/viewtopic.php?t=5404&p=44926" "Mozilla/5.0 (Windows NT 5.1; rv:43.0) Gecko/20100101 Firefox/43.0"
123.77.206.247 - - [12/Aug/2016:06:44:20 +0200] "GET /forum/posting.php?mode=reply&f=21&t=5404 HTTP/1.0" 200 19071 "http://dbwebb.se/posting.php?mode=reply&f=21&t=5404" "Mozilla/5.0 (Windows NT 5.1; rv:43.0) Gecko/20100101 Firefox/43.0"
123.77.206.247 - - [12/Aug/2016:06:44:22 +0200] "GET /forum/viewtopic.php?f=12&t=5316&p=44322 HTTP/1.0" 200 77776 "http://dbwebb.se/viewtopic.php?f=12&t=5316&p=44322" "Mozilla/5.0 (Windows NT 5.1; rv:43.0) Gecko/20100101 Firefox/43.0"
123.77.206.247 - - [12/Aug/2016:06:44:24 +0200] "GET /forum/posting.php?mode=reply&f=12&t=5299 HTTP/1.0" 200 19071 "http://dbwebb.se/posting.php?mode=reply&f=12&t=5299" "Mozilla/5.0 (Windows NT 5.1; rv:43.0) Gecko/20100101 Firefox/43.0"
123.77.206.247 - - [12/Aug/2016:06:44:26 +0200] "GET /forum/posting.php?mode=reply&f=12&t=5316 HTTP/1.0" 200 19071 "http://dbwebb.se/posting.php?mode=reply&f=12&t=5316" "Mozilla/5.0 (Windows NT 5.1; rv:43.0) Gecko/20100101 Firefox/43.0"
151.80.31.184 - - [12/Aug/2016:06:44:27 +0200] "GET /forum/viewtopic.php?p=20979 HTTP/1.1" 200 15376 "-" "Mozilla/5.0 (compatible; AhrefsBot/5.1; +http://ahrefs.com/robot/)"
123.77.206.247 - - [12/Aug/2016:06:44:28 +0200] "GET /forum/viewtopic.php?p=42322 HTTP/1.0" 200 66242 "http://dbwebb.se/viewtopic.php?p=42322" "Mozilla/5.0 (Windows NT 5.1; rv:43.0) Gecko/20100101 Firefox/43.0"
164.132.161.72 - - [12/Aug/2016:06:44:29 +0200] "GET /forum/viewtopic.php?f=25&t=5302&view=print HTTP/1.1" 200 5205 "-" "Mozilla/5.0 (compatible; AhrefsBot/5.1; +http://ahrefs.com/robot/)"
123.77.206.247 - - [12/Aug/2016:06:44:31 +0200] "GET /forum/posting.php?mode=reply&f=21&t=5404 HTTP/1.0" 200 19071 "http://dbwebb.se/posting.php?mode=reply&f=21&t=5404" "Mozilla/5.0 (Windows NT 5.1; rv:43.0) Gecko/20100101 Firefox/43.0"
123.77.206.247 - - [12/Aug/2016:06:44:32 +0200] "GET /forum/viewtopic.php?p=42316 HTTP/1.0" 200 66242 "http://dbwebb.se/viewtopic.php?p=42316" "Mozilla/5.0 (Windows NT 5.1; rv:43.0) Gecko/20100101 Firefox/43.0"
123.77.206.247 - - [12/Aug/2016:06:44:35 +0200] "GET /forum/posting.php?mode=reply&f=12&t=5091 HTTP/1.0" 200 19071 "http://dbwebb.se/posting.php?mode=reply&f=12&t=5091" "Mozilla/5.0 (Windows NT 5.1; rv:43.0) Gecko/20100101 Firefox/43.0"
123.77.206.247 - - [12/Aug/2016:06:44:37 +0200] "GET /forum/posting.php?mode=reply&f=12&t=5091 HTTP/1.0" 200 19071 "http://dbwebb.se/posting.php?mode=reply&f=12&t=5091" "Mozilla/5.0 (Windows NT 5.1; rv:43.0) Gecko/20100101 Firefox/43.0"
104.156.247.60 - - [12/Aug/2016:06:45:41 +0200] "GET / HTTP/1.1" 200 9703 "-" "PINGOMETER_BOT_(HTTPS://PINGOMETER.COM)"
51.255.65.28 - - [12/Aug/2016:06:45:58 +0200] "GET /kod-exempel/source.php?dir=cimage_/webroot/img&file=kodim04.png HTTP/1.1" 301 3685 "-" "Mozilla/5.0 (compatible; AhrefsBot/5.1; +http://ahrefs.com/robot/)"
164.132.161.73 - - [12/Aug/2016:06:46:23 +0200] "GET /forum/feed.php?f=9&t=5170 HTTP/1.1" 200 13023 "-" "Mozilla/5.0 (compatible; AhrefsBot/5.1; +http://ahrefs.com/robot/)"
27.72.68.85 - - [12/Aug/2016:06:46:28 +0200] "GET /forum/search.php HTTP/1.1" 200 8987 "https://dbwebb.se/forum" "Mozilla/5.0 (Windows NT 6.3; WOW64) AppleWebKit/537.36 (KHTML, like Gecko) Chrome/41.0.2226.0 Safari/537.36"
51.255.65.54 - - [12/Aug/2016:06:46:46 +0200] "GET /forum/feed.php?f=44 HTTP/1.1" 200 56348 "-" "Mozilla/5.0 (compatible; AhrefsBot/5.1; +http://ahrefs.com/robot/)"
164.132.161.45 - - [12/Aug/2016:06:47:19 +0200] "GET /forum/viewtopic.php?t=4301&p=43779 HTTP/1.1" 200 20662 "-" "Mozilla/5.0 (compatible; AhrefsBot/5.1; +http://ahrefs.com/robot/)"
51.255.65.37 - - [12/Aug/2016:06:47:28 +0200] "GET /forum/viewtopic.php?t=4301&p=43923 HTTP/1.1" 200 20667 "-" "Mozilla/5.0 (compatible; AhrefsBot/5.1; +http://ahrefs.com/robot/)"
5.9.142.226 - - [12/Aug/2016:06:47:34 +0200] "GET /robots.txt HTTP/1.0" 200 3108 "-" "Mozilla/5.0 (compatible; MJ12bot/v1.4.5; http://www.majestic12.co.uk/bot.php?+)"
5.9.142.226 - - [12/Aug/2016:06:47:38 +0200] "GET /robots.txt HTTP/1.0" 200 474 "-" "Mozilla/5.0 (compatible; MJ12bot/v1.4.5; http://www.majestic12.co.uk/bot.php?+)"
164.132.161.51 - - [12/Aug/2016:06:47:41 +0200] "GET /forum/viewtopic.php?t=4301&p=43816 HTTP/1.1" 200 20663 "-" "Mozilla/5.0 (compatible; AhrefsBot/5.1; +http://ahrefs.com/robot/)"
5.9.142.226 - - [12/Aug/2016:06:47:45 +0200] "GET /forum/viewtopic.php?p=38549 HTTP/1.0" 200 34098 "-" "Mozilla/5.0 (compatible; MJ12bot/v1.4.5; http://www.majestic12.co.uk/bot.php?+)"
164.132.161.82 - - [12/Aug/2016:06:47:46 +0200] "GET /forum/viewtopic.php?t=4301&p=43823 HTTP/1.1" 200 20667 "-" "Mozilla/5.0 (compatible; AhrefsBot/5.1; +http://ahrefs.com/robot/)"
40.77.167.63 - - [12/Aug/2016:06:47:46 +0200] "GET /forum/viewtopic.php?p=32254 HTTP/1.1" 200 13301 "-" "Mozilla/5.0 (compatible; bingbot/2.0; +http://www.bing.com/bingbot.htm)"
66.249.76.98 - - [12/Aug/2016:06:47:48 +0200] "GET /humans.txt HTTP/1.1" 200 3860 "-" "Mozilla/5.0 (Linux; Android 6.0.1; Nexus 5X Build/MMB29P) AppleWebKit/537.36 (KHTML, like Gecko) Chrome/41.0.2272.96 Mobile Safari/537.36 (compatible; Googlebot/2.1; +http://www.google.com/bot.html)"
5.9.142.226 - - [12/Aug/2016:06:47:49 +0200] "GET /forum/viewtopic.php?p=38624 HTTP/1.0" 200 34098 "-" "Mozilla/5.0 (compatible; MJ12bot/v1.4.5; http://www.majestic12.co.uk/bot.php?+)"
51.255.65.32 - - [12/Aug/2016:06:47:49 +0200] "GET /phpmvc/Anax-MVC/docs/api/classes/Anax.ThemeEngine.CThemeBasic.html HTTP/1.1" 302 3651 "-" "Mozilla/5.0 (compatible; AhrefsBot/5.1; +http://ahrefs.com/robot/)"
5.9.142.226 - - [12/Aug/2016:06:47:54 +0200] "GET /forum/viewtopic.php?p=38712 HTTP/1.0" 200 20926 "-" "Mozilla/5.0 (compatible; MJ12bot/v1.4.5; http://www.majestic12.co.uk/bot.php?+)"
51.255.65.37 - - [12/Aug/2016:06:47:55 +0200] "GET /forum/viewtopic.php?t=4301&p=43818 HTTP/1.1" 200 20666 "-" "Mozilla/5.0 (compatible; AhrefsBot/5.1; +http://ahrefs.com/robot/)"
5.9.142.226 - - [12/Aug/2016:06:47:59 +0200] "GET /forum/viewtopic.php?p=38732 HTTP/1.0" 200 49255 "-" "Mozilla/5.0 (compatible; MJ12bot/v1.4.5; http://www.majestic12.co.uk/bot.php?+)"
5.9.142.226 - - [12/Aug/2016:06:48:05 +0200] "GET /forum/viewtopic.php?p=38747 HTTP/1.0" 200 27048 "-" "Mozilla/5.0 (compatible; MJ12bot/v1.4.5; http://www.majestic12.co.uk/bot.php?+)"
51.255.65.23 - - [12/Aug/2016:06:48:08 +0200] "GET /forum/viewtopic.php?t=4301&p=43895 HTTP/1.1" 200 20668 "-" "Mozilla/5.0 (compatible; AhrefsBot/5.1; +http://ahrefs.com/robot/)"
5.9.142.226 - - [12/Aug/2016:06:48:09 +0200] "GET /forum/viewtopic.php?p=38750 HTTP/1.0" 200 20371 "-" "Mozilla/5.0 (compatible; MJ12bot/v1.4.5; http://www.majestic12.co.uk/bot.php?+)"
40.77.167.63 - - [12/Aug/2016:06:48:14 +0200] "GET /forum/viewtopic.php?p=21479 HTTP/1.1" 200 14764 "-" "Mozilla/5.0 (iPhone; CPU iPhone OS 7_0 like Mac OS X) AppleWebKit/537.51.1 (KHTML, like Gecko) Version/7.0 Mobile/11A465 Safari/9537.53 (compatible; bingbot/2.0; +http://www.bing.com/bingbot.htm)"
5.9.142.226 - - [12/Aug/2016:06:48:15 +0200] "GET /forum/viewtopic.php?p=38756 HTTP/1.0" 200 26248 "-" "Mozilla/5.0 (compatible; MJ12bot/v1.4.5; http://www.majestic12.co.uk/bot.php?+)"
164.132.161.96 - - [12/Aug/2016:06:48:18 +0200] "GET /forum/viewtopic.php?t=4301&p=43821 HTTP/1.1" 200 20664 "-" "Mozilla/5.0 (compatible; AhrefsBot/5.1; +http://ahrefs.com/robot/)"
5.9.142.226 - - [12/Aug/2016:06:48:19 +0200] "GET /forum/viewtopic.php?p=38774 HTTP/1.0" 200 26248 "-" "Mozilla/5.0 (compatible; MJ12bot/v1.4.5; http://www.majestic12.co.uk/bot.php?+)"
5.9.142.226 - - [12/Aug/2016:06:48:24 +0200] "GET /forum/viewtopic.php?p=38808 HTTP/1.0" 200 20190 "-" "Mozilla/5.0 (compatible; MJ12bot/v1.4.5; http://www.majestic12.co.uk/bot.php?+)"
66.249.76.98 - - [12/Aug/2016:06:48:26 +0200] "GET /forum/viewtopic.php?f=18&p=44916 HTTP/1.1" 200 8637 "-" "Mozilla/5.0 (Linux; Android 6.0.1; Nexus 5X Build/MMB29P) AppleWebKit/537.36 (KHTML, like Gecko) Chrome/41.0.2272.96 Mobile Safari/537.36 (compatible; Googlebot/2.1; +http://www.google.com/bot.html)"
5.9.142.226 - - [12/Aug/2016:06:48:29 +0200] "GET /forum/viewtopic.php?p=38868 HTTP/1.0" 200 34786 "-" "Mozilla/5.0 (compatible; MJ12bot/v1.4.5; http://www.majestic12.co.uk/bot.php?+)"
207.46.13.93 - - [12/Aug/2016:06:48:27 +0200] "GET /fonts/fontawesome-webfont.svg?v=4.5.0 HTTP/1.1" 200 370289 "-" "Mozilla/5.0 (iPhone; CPU iPhone OS 7_0 like Mac OS X) AppleWebKit/537.51.1 (KHTML, like Gecko) Version/7.0 Mobile/11A465 Safari/9537.53 (compatible; bingbot/2.0; +http://www.bing.com/bingbot.htm)"
207.46.13.93 - - [12/Aug/2016:06:48:33 +0200] "GET /fonts/fontawesome-webfont.ttf?v=4.5.0 HTTP/1.1" 200 142663 "-" "Mozilla/5.0 (iPhone; CPU iPhone OS 7_0 like Mac OS X) AppleWebKit/537.51.1 (KHTML, like Gecko) Version/7.0 Mobile/11A465 Safari/9537.53 (compatible; bingbot/2.0; +http://www.bing.com/bingbot.htm)"
5.9.142.226 - - [12/Aug/2016:06:48:34 +0200] "GET /forum/viewtopic.php?p=3888 HTTP/1.0" 200 22723 "-" "Mozilla/5.0 (compatible; MJ12bot/v1.4.5; http://www.majestic12.co.uk/bot.php?+)"
65.19.138.35 - - [12/Aug/2016:06:48:35 +0200] "GET /forum/feed.php?mode=topics_active HTTP/1.1" 200 12632 "-" "Feedly/1.0 (+http://www.feedly.com/fetcher.html; like FeedFetcher-Google)"
5.9.142.226 - - [12/Aug/2016:06:48:39 +0200] "GET /forum/viewtopic.php?p=38909 HTTP/1.0" 200 34786 "-" "Mozilla/5.0 (compatible; MJ12bot/v1.4.5; http://www.majestic12.co.uk/bot.php?+)"
5.9.142.226 - - [12/Aug/2016:06:48:43 +0200] "GET /forum/viewtopic.php?p=38953 HTTP/1.0" 200 34658 "-" "Mozilla/5.0 (compatible; MJ12bot/v1.4.5; http://www.majestic12.co.uk/bot.php?+)"
164.132.161.5 - - [12/Aug/2016:06:48:43 +0200] "GET /forum/viewtopic.php?t=4301&p=43903 HTTP/1.1" 200 20669 "-" "Mozilla/5.0 (compatible; AhrefsBot/5.1; +http://ahrefs.com/robot/)"
151.80.31.178 - - [12/Aug/2016:06:48:44 +0200] "GET /forum/viewtopic.php?t=4301&p=43820 HTTP/1.1" 200 20669 "-" "Mozilla/5.0 (compatible; AhrefsBot/5.1; +http://ahrefs.com/robot/)"
5.9.142.226 - - [12/Aug/2016:06:48:50 +0200] "GET /forum/viewtopic.php?p=38971 HTTP/1.0" 200 26248 "-" "Mozilla/5.0 (compatible; MJ12bot/v1.4.5; http://www.majestic12.co.uk/bot.php?+)"
5.9.142.226 - - [12/Aug/2016:06:48:55 +0200] "GET /forum/viewtopic.php?p=38976 HTTP/1.0" 200 25448 "-" "Mozilla/5.0 (compatible; MJ12bot/v1.4.5; http://www.majestic12.co.uk/bot.php?+)"
5.9.142.226 - - [12/Aug/2016:06:49:00 +0200] "GET /forum/viewtopic.php?p=39023 HTTP/1.0" 200 34658 "-" "Mozilla/5.0 (compatible; MJ12bot/v1.4.5; http://www.majestic12.co.uk/bot.php?+)"
5.9.142.226 - - [12/Aug/2016:06:49:04 +0200] "GET /forum/viewtopic.php?p=39058 HTTP/1.0" 200 34658 "-" "Mozilla/5.0 (compatible; MJ12bot/v1.4.5; http://www.majestic12.co.uk/bot.php?+)"
5.9.142.226 - - [12/Aug/2016:06:49:08 +0200] "GET /forum/viewtopic.php?p=39144 HTTP/1.0" 200 30920 "-" "Mozilla/5.0 (compatible; MJ12bot/v1.4.5; http://www.majestic12.co.uk/bot.php?+)"
5.9.142.226 - - [12/Aug/2016:06:49:14 +0200] "GET /forum/viewtopic.php?p=39159 HTTP/1.0" 200 30920 "-" "Mozilla/5.0 (compatible; MJ12bot/v1.4.5; http://www.majestic12.co.uk/bot.php?+)"
5.9.142.226 - - [12/Aug/2016:06:49:19 +0200] "GET /forum/viewtopic.php?p=39229 HTTP/1.0" 200 18158 "-" "Mozilla/5.0 (compatible; MJ12bot/v1.4.5; http://www.majestic12.co.uk/bot.php?+)"
5.9.142.226 - - [12/Aug/2016:06:49:24 +0200] "GET /forum/viewtopic.php?p=39255 HTTP/1.0" 200 35314 "-" "Mozilla/5.0 (compatible; MJ12bot/v1.4.5; http://www.majestic12.co.uk/bot.php?+)"
5.9.142.226 - - [12/Aug/2016:06:49:30 +0200] "GET /forum/viewtopic.php?p=39263 HTTP/1.0" 200 20174 "-" "Mozilla/5.0 (compatible; MJ12bot/v1.4.5; http://www.majestic12.co.uk/bot.php?+)"
5.9.142.226 - - [12/Aug/2016:06:49:37 +0200] "GET /forum/viewtopic.php?p=39269 HTTP/1.0" 200 26616 "-" "Mozilla/5.0 (compatible; MJ12bot/v1.4.5; http://www.majestic12.co.uk/bot.php?+)"
5.9.142.226 - - [12/Aug/2016:06:49:41 +0200] "GET /forum/viewtopic.php?p=39303 HTTP/1.0" 200 17054 "-" "Mozilla/5.0 (compatible; MJ12bot/v1.4.5; http://www.majestic12.co.uk/bot.php?+)"
51.255.65.97 - - [12/Aug/2016:06:49:46 +0200] "GET /forum/feed.php?f=17&t=4346 HTTP/1.1" 200 6651 "-" "Mozilla/5.0 (compatible; AhrefsBot/5.1; +http://ahrefs.com/robot/)"
5.9.142.226 - - [12/Aug/2016:06:49:46 +0200] "GET /forum/viewtopic.php?p=39383 HTTP/1.0" 200 18478 "-" "Mozilla/5.0 (compatible; MJ12bot/v1.4.5; http://www.majestic12.co.uk/bot.php?+)"
5.9.142.226 - - [12/Aug/2016:06:49:51 +0200] "GET /forum/viewtopic.php?p=39388 HTTP/1.0" 200 24808 "-" "Mozilla/5.0 (compatible; MJ12bot/v1.4.5; http://www.majestic12.co.uk/bot.php?+)"
207.46.13.30 - - [12/Aug/2016:06:49:52 +0200] "GET /forum/viewtopic.php?t=2624 HTTP/1.1" 200 10385 "-" "Mozilla/5.0 (compatible; bingbot/2.0; +http://www.bing.com/bingbot.htm)"
5.9.142.226 - - [12/Aug/2016:06:49:56 +0200] "GET /forum/viewtopic.php?p=39396 HTTP/1.0" 200 44535 "-" "Mozilla/5.0 (compatible; MJ12bot/v1.4.5; http://www.majestic12.co.uk/bot.php?+)"
5.9.142.226 - - [12/Aug/2016:06:50:01 +0200] "GET /forum/viewtopic.php?p=39438 HTTP/1.0" 200 47841 "-" "Mozilla/5.0 (compatible; MJ12bot/v1.4.5; http://www.majestic12.co.uk/bot.php?+)"
5.9.142.226 - - [12/Aug/2016:06:50:06 +0200] "GET /forum/viewtopic.php?p=39454 HTTP/1.0" 200 22478 "-" "Mozilla/5.0 (compatible; MJ12bot/v1.4.5; http://www.majestic12.co.uk/bot.php?+)"
5.9.142.226 - - [12/Aug/2016:06:50:11 +0200] "GET /forum/viewtopic.php?p=39706 HTTP/1.0" 200 32253 "-" "Mozilla/5.0 (compatible; MJ12bot/v1.4.5; http://www.majestic12.co.uk/bot.php?+)"
51.255.65.69 - - [12/Aug/2016:06:50:15 +0200] "GET /forum/viewtopic.php?t=4346&p=37274 HTTP/1.1" 200 9327 "-" "Mozilla/5.0 (compatible; AhrefsBot/5.1; +http://ahrefs.com/robot/)"
5.9.142.226 - - [12/Aug/2016:06:50:16 +0200] "GET /forum/viewtopic.php?p=39712 HTTP/1.0" 200 32253 "-" "Mozilla/5.0 (compatible; MJ12bot/v1.4.5; http://www.majestic12.co.uk/bot.php?+)"
5.9.142.226 - - [12/Aug/2016:06:50:20 +0200] "GET /forum/viewtopic.php?p=39721 HTTP/1.0" 200 50305 "-" "Mozilla/5.0 (compatible; MJ12bot/v1.4.5; http://www.majestic12.co.uk/bot.php?+)"
5.9.142.226 - - [12/Aug/2016:06:50:26 +0200] "GET /forum/viewtopic.php?p=39805 HTTP/1.0" 200 47841 "-" "Mozilla/5.0 (compatible; MJ12bot/v1.4.5; http://www.majestic12.co.uk/bot.php?+)"
5.9.142.226 - - [12/Aug/2016:06:50:32 +0200] "GET /forum/viewtopic.php?p=39911 HTTP/1.0" 200 18446 "-" "Mozilla/5.0 (compatible; MJ12bot/v1.4.5; http://www.majestic12.co.uk/bot.php?+)"
5.9.142.226 - - [12/Aug/2016:06:50:37 +0200] "GET /forum/viewtopic.php?p=39913 HTTP/1.0" 200 23459 "-" "Mozilla/5.0 (compatible; MJ12bot/v1.4.5; http://www.majestic12.co.uk/bot.php?+)"
5.9.142.226 - - [12/Aug/2016:06:50:42 +0200] "GET /forum/viewtopic.php?p=39916 HTTP/1.0" 200 26152 "-" "Mozilla/5.0 (compatible; MJ12bot/v1.4.5; http://www.majestic12.co.uk/bot.php?+)"
5.9.142.226 - - [12/Aug/2016:06:50:46 +0200] "GET /forum/viewtopic.php?p=39918 HTTP/1.0" 200 24083 "-" "Mozilla/5.0 (compatible; MJ12bot/v1.4.5; http://www.majestic12.co.uk/bot.php?+)"
5.9.142.226 - - [12/Aug/2016:06:50:52 +0200] "GET /forum/viewtopic.php?p=39931 HTTP/1.0" 200 20702 "-" "Mozilla/5.0 (compatible; MJ12bot/v1.4.5; http://www.majestic12.co.uk/bot.php?+)"
5.9.142.226 - - [12/Aug/2016:06:50:56 +0200] "GET /forum/viewtopic.php?p=39941 HTTP/1.0" 200 18926 "-" "Mozilla/5.0 (compatible; MJ12bot/v1.4.5; http://www.majestic12.co.uk/bot.php?+)"
5.9.142.226 - - [12/Aug/2016:06:51:20 +0200] "GET /forum/viewtopic.php?p=39945 HTTP/1.0" 200 26152 "-" "Mozilla/5.0 (compatible; MJ12bot/v1.4.5; http://www.majestic12.co.uk/bot.php?+)"
5.9.142.226 - - [12/Aug/2016:06:51:24 +0200] "GET /forum/viewtopic.php?p=39946 HTTP/1.0" 200 33458 "-" "Mozilla/5.0 (compatible; MJ12bot/v1.4.5; http://www.majestic12.co.uk/bot.php?+)"
5.9.142.226 - - [12/Aug/2016:06:51:29 +0200] "GET /forum/viewtopic.php?p=39957 HTTP/1.0" 200 29037 "-" "Mozilla/5.0 (compatible; MJ12bot/v1.4.5; http://www.majestic12.co.uk/bot.php?+)"
5.9.142.226 - - [12/Aug/2016:06:51:33 +0200] "GET /forum/viewtopic.php?p=40010 HTTP/1.0" 200 36802 "-" "Mozilla/5.0 (compatible; MJ12bot/v1.4.5; http://www.majestic12.co.uk/bot.php?+)"
5.9.142.226 - - [12/Aug/2016:06:51:38 +0200] "GET /forum/viewtopic.php?p=40025 HTTP/1.0" 200 23331 "-" "Mozilla/5.0 (compatible; MJ12bot/v1.4.5; http://www.majestic12.co.uk/bot.php?+)"
122.174.236.98 - - [12/Aug/2016:06:51:38 +0200] "GET /image/vimmel/jul-dbwebb-2013.jpg HTTP/1.1" 200 46852 "-" "Mozilla/5.0 (X11; Linux i686) AppleWebKit/537.36 (KHTML, like Gecko) Ubuntu Chromium/45.0.2454.101 Chrome/45.0.2454.101 Safari/537.36"
5.9.142.226 - - [12/Aug/2016:06:51:42 +0200] "GET /forum/viewtopic.php?p=40071 HTTP/1.0" 200 18110 "-" "Mozilla/5.0 (compatible; MJ12bot/v1.4.5; http://www.majestic12.co.uk/bot.php?+)"
5.9.142.226 - - [12/Aug/2016:06:51:46 +0200] "GET /forum/viewtopic.php?p=40095 HTTP/1.0" 200 22083 "-" "Mozilla/5.0 (compatible; MJ12bot/v1.4.5; http://www.majestic12.co.uk/bot.php?+)"
5.9.142.226 - - [12/Aug/2016:06:51:51 +0200] "GET /forum/viewtopic.php?p=40101 HTTP/1.0" 200 38263 "-" "Mozilla/5.0 (compatible; MJ12bot/v1.4.5; http://www.majestic12.co.uk/bot.php?+)"
5.9.142.226 - - [12/Aug/2016:06:51:55 +0200] "GET /forum/viewtopic.php?p=40132 HTTP/1.0" 200 27528 "-" "Mozilla/5.0 (compatible; MJ12bot/v1.4.5; http://www.majestic12.co.uk/bot.php?+)"
5.9.142.226 - - [12/Aug/2016:06:51:59 +0200] "GET /forum/viewtopic.php?p=40136 HTTP/1.0" 200 38263 "-" "Mozilla/5.0 (compatible; MJ12bot/v1.4.5; http://www.majestic12.co.uk/bot.php?+)"
5.9.142.226 - - [12/Aug/2016:06:52:04 +0200] "GET /forum/viewtopic.php?p=40150 HTTP/1.0" 200 24280 "-" "Mozilla/5.0 (compatible; MJ12bot/v1.4.5; http://www.majestic12.co.uk/bot.php?+)"
148.251.151.4 - - [12/Aug/2016:06:52:06 +0200] "GET /forum/viewtopic.php?p=11112 HTTP/1.0" 200 140124 "-" "Mozilla/5.0 (Windows; U; Windows NT 5.1; en-US; rv:1.8.1.6) Gecko/20070725 Firefox/2.0.0.6 - James BOT - WebCrawler http://cognitiveseo.com/bot.html"
5.9.142.226 - - [12/Aug/2016:06:52:08 +0200] "GET /forum/viewtopic.php?p=40167 HTTP/1.0" 200 24280 "-" "Mozilla/5.0 (compatible; MJ12bot/v1.4.5; http://www.majestic12.co.uk/bot.php?+)"
144.76.218.236 - - [12/Aug/2016:06:52:09 +0200] "GET /forum/viewtopic.php?p=10915 HTTP/1.0" 200 140124 "-" "Mozilla/5.0 (Windows; U; Windows NT 5.1; en-US; rv:1.8.1.6) Gecko/20070725 Firefox/2.0.0.6 - James BOT - WebCrawler http://cognitiveseo.com/bot.html"
144.76.218.236 - - [12/Aug/2016:06:52:10 +0200] "GET /forum/viewtopic.php?p=11107 HTTP/1.0" 200 140124 "-" "Mozilla/5.0 (Windows; U; Windows NT 5.1; en-US; rv:1.8.1.6) Gecko/20070725 Firefox/2.0.0.6 - James BOT - WebCrawler http://cognitiveseo.com/bot.html"
144.76.218.236 - - [12/Aug/2016:06:52:10 +0200] "GET /forum/feed.php?f=23&t=522 HTTP/1.0" 200 22936 "-" "Mozilla/5.0 (Windows; U; Windows NT 5.1; en-US; rv:1.8.1.6) Gecko/20070725 Firefox/2.0.0.6 - James BOT - WebCrawler http://cognitiveseo.com/bot.html"
144.76.218.236 - - [12/Aug/2016:06:52:11 +0200] "GET /forum/viewtopic.php?p=10904 HTTP/1.0" 200 140126 "-" "Mozilla/5.0 (Windows; U; Windows NT 5.1; en-US; rv:1.8.1.6) Gecko/20070725 Firefox/2.0.0.6 - James BOT - WebCrawler http://cognitiveseo.com/bot.html"
144.76.218.236 - - [12/Aug/2016:06:52:12 +0200] "GET /omvarldsbevakning/feed/seomoz HTTP/1.0" 404 14375 "-" "Mozilla/5.0 (Windows; U; Windows NT 5.1; en-US; rv:1.8.1.6) Gecko/20070725 Firefox/2.0.0.6 - James BOT - WebCrawler http://cognitiveseo.com/bot.html"
5.9.142.226 - - [12/Aug/2016:06:52:13 +0200] "GET /forum/viewtopic.php?p=40175 HTTP/1.0" 200 28168 "-" "Mozilla/5.0 (compatible; MJ12bot/v1.4.5; http://www.majestic12.co.uk/bot.php?+)"
144.76.218.236 - - [12/Aug/2016:06:52:14 +0200] "GET /forum/viewtopic.php?f=23&t=522&start=30 HTTP/1.0" 200 140126 "-" "Mozilla/5.0 (Windows; U; Windows NT 5.1; en-US; rv:1.8.1.6) Gecko/20070725 Firefox/2.0.0.6 - James BOT - WebCrawler http://cognitiveseo.com/bot.html"
5.9.142.226 - - [12/Aug/2016:06:52:18 +0200] "GET /forum/viewtopic.php?p=40300 HTTP/1.0" 200 24099 "-" "Mozilla/5.0 (compatible; MJ12bot/v1.4.5; http://www.majestic12.co.uk/bot.php?+)"
5.9.142.226 - - [12/Aug/2016:06:52:23 +0200] "GET /forum/viewtopic.php?p=40307 HTTP/1.0" 200 16414 "-" "Mozilla/5.0 (compatible; MJ12bot/v1.4.5; http://www.majestic12.co.uk/bot.php?+)"
144.76.218.236 - - [12/Aug/2016:06:52:26 +0200] "GET /forum/viewtopic.php?p=10914 HTTP/1.0" 200 140126 "-" "Mozilla/5.0 (Windows; U; Windows NT 5.1; en-US; rv:1.8.1.6) Gecko/20070725 Firefox/2.0.0.6 - James BOT - WebCrawler http://cognitiveseo.com/bot.html"
5.9.142.226 - - [12/Aug/2016:06:52:29 +0200] "GET /forum/viewtopic.php?p=40334 HTTP/1.0" 200 94206 "-" "Mozilla/5.0 (compatible; MJ12bot/v1.4.5; http://www.majestic12.co.uk/bot.php?+)"
5.9.142.226 - - [12/Aug/2016:06:52:35 +0200] "GET /forum/viewtopic.php?p=40362 HTTP/1.0" 200 22478 "-" "Mozilla/5.0 (compatible; MJ12bot/v1.4.5; http://www.majestic12.co.uk/bot.php?+)"
5.9.142.226 - - [12/Aug/2016:06:52:40 +0200] "GET /forum/viewtopic.php?p=40366 HTTP/1.0" 200 94206 "-" "Mozilla/5.0 (compatible; MJ12bot/v1.4.5; http://www.majestic12.co.uk/bot.php?+)"
5.9.142.226 - - [12/Aug/2016:06:52:44 +0200] "GET /forum/viewtopic.php?p=40392 HTTP/1.0" 200 27464 "-" "Mozilla/5.0 (compatible; MJ12bot/v1.4.5; http://www.majestic12.co.uk/bot.php?+)"
122.174.236.98 - - [12/Aug/2016:06:52:47 +0200] "GET /img/loader.gif HTTP/1.1" 200 3760 "-" "Mozilla/5.0 (X11; Linux i686) AppleWebKit/537.36 (KHTML, like Gecko) Ubuntu Chromium/45.0.2454.101 Chrome/45.0.2454.101 Safari/537.36"
5.9.142.226 - - [12/Aug/2016:06:52:49 +0200] "GET /forum/viewtopic.php?p=40443 HTTP/1.0" 200 27048 "-" "Mozilla/5.0 (compatible; MJ12bot/v1.4.5; http://www.majestic12.co.uk/bot.php?+)"
5.9.142.226 - - [12/Aug/2016:06:52:53 +0200] "GET /forum/viewtopic.php?p=40533 HTTP/1.0" 200 94206 "-" "Mozilla/5.0 (compatible; MJ12bot/v1.4.5; http://www.majestic12.co.uk/bot.php?+)"
5.9.142.226 - - [12/Aug/2016:06:52:57 +0200] "GET /forum/viewtopic.php?p=40602 HTTP/1.0" 200 94206 "-" "Mozilla/5.0 (compatible; MJ12bot/v1.4.5; http://www.majestic12.co.uk/bot.php?+)"
5.9.142.226 - - [12/Aug/2016:06:53:01 +0200] "GET /forum/viewtopic.php?p=40608 HTTP/1.0" 200 18446 "-" "Mozilla/5.0 (compatible; MJ12bot/v1.4.5; http://www.majestic12.co.uk/bot.php?+)"
66.249.76.102 - - [12/Aug/2016:06:53:03 +0200] "GET /forum/viewtopic.php?f=32&t=872&view=print HTTP/1.1" 200 5058 "-" "Mozilla/5.0 (Linux; Android 6.0.1; Nexus 5X Build/MMB29P) AppleWebKit/537.36 (KHTML, like Gecko) Chrome/41.0.2272.96 Mobile Safari/537.36 (compatible; Googlebot/2.1; +http://www.google.com/bot.html)"
5.9.142.226 - - [12/Aug/2016:06:53:06 +0200] "GET /forum/viewtopic.php?p=40616 HTTP/1.0" 200 21950 "-" "Mozilla/5.0 (compatible; MJ12bot/v1.4.5; http://www.majestic12.co.uk/bot.php?+)"
207.46.13.30 - - [12/Aug/2016:06:53:08 +0200] "GET /forum/viewtopic.php?p=24167 HTTP/1.1" 200 12159 "-" "Mozilla/5.0 (compatible; bingbot/2.0; +http://www.bing.com/bingbot.htm)"
5.9.142.226 - - [12/Aug/2016:06:53:11 +0200] "GET /forum/viewtopic.php?p=40735 HTTP/1.0" 200 24467 "-" "Mozilla/5.0 (compatible; MJ12bot/v1.4.5; http://www.majestic12.co.uk/bot.php?+)"
5.9.142.226 - - [12/Aug/2016:06:53:16 +0200] "GET /forum/viewtopic.php?p=40755 HTTP/1.0" 200 16462 "-" "Mozilla/5.0 (compatible; MJ12bot/v1.4.5; http://www.majestic12.co.uk/bot.php?+)"
5.9.142.226 - - [12/Aug/2016:06:53:20 +0200] "GET /forum/viewtopic.php?p=40757 HTTP/1.0" 200 20110 "-" "Mozilla/5.0 (compatible; MJ12bot/v1.4.5; http://www.majestic12.co.uk/bot.php?+)"
5.9.142.226 - - [12/Aug/2016:06:53:25 +0200] "GET /forum/viewtopic.php?p=42305 HTTP/1.0" 200 32893 "-" "Mozilla/5.0 (compatible; MJ12bot/v1.4.5; http://www.majestic12.co.uk/bot.php?+)"
5.9.142.226 - - [12/Aug/2016:06:53:29 +0200] "GET /forum/viewtopic.php?p=42325 HTTP/1.0" 200 88804 "-" "Mozilla/5.0 (compatible; MJ12bot/v1.4.5; http://www.majestic12.co.uk/bot.php?+)"
5.9.142.226 - - [12/Aug/2016:06:53:33 +0200] "GET /forum/viewtopic.php?p=42329 HTTP/1.0" 200 21635 "-" "Mozilla/5.0 (compatible; MJ12bot/v1.4.5; http://www.majestic12.co.uk/bot.php?+)"
5.9.142.226 - - [12/Aug/2016:06:53:37 +0200] "GET /forum/viewtopic.php?p=43122 HTTP/1.0" 200 19566 "-" "Mozilla/5.0 (compatible; MJ12bot/v1.4.5; http://www.majestic12.co.uk/bot.php?+)"
40.77.167.63 - - [12/Aug/2016:06:53:40 +0200] "GET /forum/viewtopic.php?p=43075 HTTP/1.1" 200 9433 "-" "Mozilla/5.0 (compatible; bingbot/2.0; +http://www.bing.com/bingbot.htm)"
5.9.142.226 - - [12/Aug/2016:06:53:42 +0200] "GET /forum/viewtopic.php?p=43124 HTTP/1.0" 200 71258 "-" "Mozilla/5.0 (compatible; MJ12bot/v1.4.5; http://www.majestic12.co.uk/bot.php?+)"
5.9.142.226 - - [12/Aug/2016:06:53:46 +0200] "GET /forum/viewtopic.php?t=2493 HTTP/1.0" 200 16334 "-" "Mozilla/5.0 (compatible; MJ12bot/v1.4.5; http://www.majestic12.co.uk/bot.php?+)"
5.9.142.226 - - [12/Aug/2016:06:53:51 +0200] "GET /forum/viewtopic.php?t=2494 HTTP/1.0" 200 22947 "-" "Mozilla/5.0 (compatible; MJ12bot/v1.4.5; http://www.majestic12.co.uk/bot.php?+)"
5.9.142.226 - - [12/Aug/2016:06:53:55 +0200] "GET /forum/viewtopic.php?t=2494&p=19837 HTTP/1.0" 200 22947 "-" "Mozilla/5.0 (compatible; MJ12bot/v1.4.5; http://www.majestic12.co.uk/bot.php?+)"
5.9.142.226 - - [12/Aug/2016:06:54:00 +0200] "GET /forum/viewtopic.php?t=2494&p=30598 HTTP/1.0" 200 22947 "-" "Mozilla/5.0 (compatible; MJ12bot/v1.4.5; http://www.majestic12.co.uk/bot.php?+)"
5.9.142.226 - - [12/Aug/2016:06:54:05 +0200] "GET /forum/viewtopic.php?t=2494&p=30599 HTTP/1.0" 200 22947 "-" "Mozilla/5.0 (compatible; MJ12bot/v1.4.5; http://www.majestic12.co.uk/bot.php?+)"
5.9.142.226 - - [12/Aug/2016:06:54:09 +0200] "GET /forum/viewtopic.php?t=2495 HTTP/1.0" 200 83977 "-" "Mozilla/5.0 (compatible; MJ12bot/v1.4.5; http://www.majestic12.co.uk/bot.php?+)"
5.9.142.226 - - [12/Aug/2016:06:54:14 +0200] "GET /forum/viewtopic.php?t=2495&p=29974 HTTP/1.0" 200 72218 "-" "Mozilla/5.0 (compatible; MJ12bot/v1.4.5; http://www.majestic12.co.uk/bot.php?+)"
5.9.142.226 - - [12/Aug/2016:06:54:18 +0200] "GET /forum/viewtopic.php?t=2495&p=30009 HTTP/1.0" 200 72218 "-" "Mozilla/5.0 (compatible; MJ12bot/v1.4.5; http://www.majestic12.co.uk/bot.php?+)"
5.9.142.226 - - [12/Aug/2016:06:54:23 +0200] "GET /forum/viewtopic.php?t=2495&p=30013 HTTP/1.0" 200 72218 "-" "Mozilla/5.0 (compatible; MJ12bot/v1.4.5; http://www.majestic12.co.uk/bot.php?+)"
5.9.142.226 - - [12/Aug/2016:06:54:28 +0200] "GET /forum/viewtopic.php?t=2495&p=30205 HTTP/1.0" 200 72218 "-" "Mozilla/5.0 (compatible; MJ12bot/v1.4.5; http://www.majestic12.co.uk/bot.php?+)"
5.9.142.226 - - [12/Aug/2016:06:54:32 +0200] "GET /forum/viewtopic.php?t=2495&p=30210 HTTP/1.0" 200 72218 "-" "Mozilla/5.0 (compatible; MJ12bot/v1.4.5; http://www.majestic12.co.uk/bot.php?+)"
5.9.142.226 - - [12/Aug/2016:06:54:36 +0200] "GET /forum/viewtopic.php?t=2495&p=30235 HTTP/1.0" 200 72218 "-" "Mozilla/5.0 (compatible; MJ12bot/v1.4.5; http://www.majestic12.co.uk/bot.php?+)"
5.9.142.226 - - [12/Aug/2016:06:54:40 +0200] "GET /forum/viewtopic.php?t=2495&p=30245 HTTP/1.0" 200 72218 "-" "Mozilla/5.0 (compatible; MJ12bot/v1.4.5; http://www.majestic12.co.uk/bot.php?+)"
5.9.142.226 - - [12/Aug/2016:06:54:44 +0200] "GET /forum/viewtopic.php?t=2495&p=31120 HTTP/1.0" 200 72218 "-" "Mozilla/5.0 (compatible; MJ12bot/v1.4.5; http://www.majestic12.co.uk/bot.php?+)"
5.9.142.226 - - [12/Aug/2016:06:54:49 +0200] "GET /forum/viewtopic.php?t=2495&p=31141 HTTP/1.0" 200 72218 "-" "Mozilla/5.0 (compatible; MJ12bot/v1.4.5; http://www.majestic12.co.uk/bot.php?+)"
207.46.13.30 - - [12/Aug/2016:06:54:54 +0200] "GET /forum/viewtopic.php?f=13&t=3222 HTTP/1.1" 200 9780 "-" "Mozilla/5.0 (compatible; bingbot/2.0; +http://www.bing.com/bingbot.htm)"
5.9.142.226 - - [12/Aug/2016:06:54:54 +0200] "GET /forum/viewtopic.php?t=2495&p=31158 HTTP/1.0" 200 72218 "-" "Mozilla/5.0 (compatible; MJ12bot/v1.4.5; http://www.majestic12.co.uk/bot.php?+)"
5.9.142.226 - - [12/Aug/2016:06:55:00 +0200] "GET /forum/viewtopic.php?t=2495&p=31161 HTTP/1.0" 200 72218 "-" "Mozilla/5.0 (compatible; MJ12bot/v1.4.5; http://www.majestic12.co.uk/bot.php?+)"
213.21.119.68 - - [12/Aug/2016:06:55:04 +0200] "GET /kurser/htmlphp/kmom01 HTTP/1.1" 200 9333 "https://dbwebb.se/kurser" "Mozilla/5.0 (Windows NT 6.1; Win64; x64) AppleWebKit/537.36 (KHTML, like Gecko) Chrome/52.0.2743.116 Safari/537.36"
5.9.142.226 - - [12/Aug/2016:06:55:11 +0200] "GET /forum/viewtopic.php?t=2495&p=31178 HTTP/1.0" 200 72218 "-" "Mozilla/5.0 (compatible; MJ12bot/v1.4.5; http://www.majestic12.co.uk/bot.php?+)"
5.9.142.226 - - [12/Aug/2016:06:55:15 +0200] "GET /forum/viewtopic.php?t=2495&p=31331 HTTP/1.0" 200 72218 "-" "Mozilla/5.0 (compatible; MJ12bot/v1.4.5; http://www.majestic12.co.uk/bot.php?+)"
5.9.142.226 - - [12/Aug/2016:06:55:23 +0200] "GET /forum/viewtopic.php?t=2495&p=31332 HTTP/1.0" 200 72218 "-" "Mozilla/5.0 (compatible; MJ12bot/v1.4.5; http://www.majestic12.co.uk/bot.php?+)"
5.9.142.226 - - [12/Aug/2016:06:55:28 +0200] "GET /forum/viewtopic.php?t=2495&p=31338 HTTP/1.0" 200 72218 "-" "Mozilla/5.0 (compatible; MJ12bot/v1.4.5; http://www.majestic12.co.uk/bot.php?+)"
5.9.142.226 - - [12/Aug/2016:06:55:32 +0200] "GET /forum/viewtopic.php?t=2497&p=19854 HTTP/1.0" 200 30941 "-" "Mozilla/5.0 (compatible; MJ12bot/v1.4.5; http://www.majestic12.co.uk/bot.php?+)"
5.9.142.226 - - [12/Aug/2016:06:55:38 +0200] "GET /forum/viewtopic.php?t=2497&p=23143 HTTP/1.0" 200 30941 "-" "Mozilla/5.0 (compatible; MJ12bot/v1.4.5; http://www.majestic12.co.uk/bot.php?+)"
5.9.142.226 - - [12/Aug/2016:06:55:42 +0200] "GET /forum/viewtopic.php?t=2497&p=23157 HTTP/1.0" 200 30941 "-" "Mozilla/5.0 (compatible; MJ12bot/v1.4.5; http://www.majestic12.co.uk/bot.php?+)"
5.9.142.226 - - [12/Aug/2016:06:55:52 +0200] "GET /forum/viewtopic.php?t=2503&p=19887 HTTP/1.0" 200 16926 "-" "Mozilla/5.0 (compatible; MJ12bot/v1.4.5; http://www.majestic12.co.uk/bot.php?+)"
5.9.142.226 - - [12/Aug/2016:06:55:57 +0200] "GET /forum/viewtopic.php?t=2506&p=19895 HTTP/1.0" 200 33827 "-" "Mozilla/5.0 (compatible; MJ12bot/v1.4.5; http://www.majestic12.co.uk/bot.php?+)"
5.9.142.226 - - [12/Aug/2016:06:56:01 +0200] "GET /forum/viewtopic.php?t=2506&p=20294 HTTP/1.0" 200 33827 "-" "Mozilla/5.0 (compatible; MJ12bot/v1.4.5; http://www.majestic12.co.uk/bot.php?+)"
5.9.142.226 - - [12/Aug/2016:06:56:05 +0200] "GET /forum/viewtopic.php?t=254&p=1683 HTTP/1.0" 200 38807 "-" "Mozilla/5.0 (compatible; MJ12bot/v1.4.5; http://www.majestic12.co.uk/bot.php?+)"
5.9.142.226 - - [12/Aug/2016:06:56:44 +0200] "GET /forum/viewtopic.php?t=254&p=1691 HTTP/1.0" 200 38807 "-" "Mozilla/5.0 (compatible; MJ12bot/v1.4.5; http://www.majestic12.co.uk/bot.php?+)"
5.9.142.226 - - [12/Aug/2016:06:56:53 +0200] "GET /forum/viewtopic.php?t=254&p=1693 HTTP/1.0" 200 38807 "-" "Mozilla/5.0 (compatible; MJ12bot/v1.4.5; http://www.majestic12.co.uk/bot.php?+)"
68.180.231.47 - - [12/Aug/2016:06:56:53 +0200] "GET /f/37752 HTTP/1.1" 301 3804 "-" "Mozilla/5.0 (compatible; Yahoo! Slurp; http://help.yahoo.com/help/us/ysearch/slurp)"
5.9.142.226 - - [12/Aug/2016:06:56:58 +0200] "GET /forum/viewtopic.php?t=254&p=1941 HTTP/1.0" 200 38807 "-" "Mozilla/5.0 (compatible; MJ12bot/v1.4.5; http://www.majestic12.co.uk/bot.php?+)"
5.9.142.226 - - [12/Aug/2016:06:57:03 +0200] "GET /forum/viewtopic.php?t=254&p=1969 HTTP/1.0" 200 38807 "-" "Mozilla/5.0 (compatible; MJ12bot/v1.4.5; http://www.majestic12.co.uk/bot.php?+)"
68.180.231.47 - - [12/Aug/2016:06:57:03 +0200] "GET /forum/viewtopic.php?p=37752 HTTP/1.1" 200 14040 "-" "Mozilla/5.0 (compatible; Yahoo! Slurp; http://help.yahoo.com/help/us/ysearch/slurp)"
5.9.142.226 - - [12/Aug/2016:06:57:08 +0200] "GET /forum/viewtopic.php?t=254&p=2807 HTTP/1.0" 200 38807 "-" "Mozilla/5.0 (compatible; MJ12bot/v1.4.5; http://www.majestic12.co.uk/bot.php?+)"
5.9.142.226 - - [12/Aug/2016:06:57:12 +0200] "GET /forum/viewtopic.php?t=254&p=3075 HTTP/1.0" 200 38807 "-" "Mozilla/5.0 (compatible; MJ12bot/v1.4.5; http://www.majestic12.co.uk/bot.php?+)"
5.9.142.226 - - [12/Aug/2016:06:57:18 +0200] "GET /forum/viewtopic.php?t=254&p=3078 HTTP/1.0" 200 38807 "-" "Mozilla/5.0 (compatible; MJ12bot/v1.4.5; http://www.majestic12.co.uk/bot.php?+)"
5.9.142.226 - - [12/Aug/2016:06:57:22 +0200] "GET /forum/viewtopic.php?t=254&p=9860 HTTP/1.0" 200 38807 "-" "Mozilla/5.0 (compatible; MJ12bot/v1.4.5; http://www.majestic12.co.uk/bot.php?+)"
5.9.142.226 - - [12/Aug/2016:06:57:27 +0200] "GET /forum/viewtopic.php?t=2544&p=20021 HTTP/1.0" 200 13065 "-" "Mozilla/5.0 (compatible; MJ12bot/v1.4.5; http://www.majestic12.co.uk/bot.php?+)"
66.249.76.98 - - [12/Aug/2016:06:57:51 +0200] "GET /forum/viewtopic.php?f=32&t=2912&view=print HTTP/1.1" 200 9615 "-" "Mozilla/5.0 (Linux; Android 6.0.1; Nexus 5X Build/MMB29P) AppleWebKit/537.36 (KHTML, like Gecko) Chrome/41.0.2272.96 Mobile Safari/537.36 (compatible; Googlebot/2.1; +http://www.google.com/bot.html)"
5.9.142.226 - - [12/Aug/2016:06:57:59 +0200] "GET /forum/viewtopic.php?t=2545 HTTP/1.0" 200 15561 "-" "Mozilla/5.0 (compatible; MJ12bot/v1.4.5; http://www.majestic12.co.uk/bot.php?+)"
5.9.142.226 - - [12/Aug/2016:06:58:03 +0200] "GET /forum/viewtopic.php?t=2546 HTTP/1.0" 200 15561 "-" "Mozilla/5.0 (compatible; MJ12bot/v1.4.5; http://www.majestic12.co.uk/bot.php?+)"
5.9.142.226 - - [12/Aug/2016:06:58:08 +0200] "GET /forum/viewtopic.php?t=2555&p=20078 HTTP/1.0" 200 21358 "-" "Mozilla/5.0 (compatible; MJ12bot/v1.4.5; http://www.majestic12.co.uk/bot.php?+)"
207.46.13.93 - - [12/Aug/2016:06:58:09 +0200] "GET /f/9764 HTTP/1.1" 301 4291 "-" "Mozilla/5.0 (compatible; bingbot/2.0; +http://www.bing.com/bingbot.htm)"
5.9.142.226 - - [12/Aug/2016:06:58:13 +0200] "GET /forum/viewtopic.php?t=2555&p=20119 HTTP/1.0" 200 18862 "-" "Mozilla/5.0 (compatible; MJ12bot/v1.4.5; http://www.majestic12.co.uk/bot.php?+)"
5.9.142.226 - - [12/Aug/2016:06:58:20 +0200] "GET /forum/viewtopic.php?t=2556&p=20090 HTTP/1.0" 200 25640 "-" "Mozilla/5.0 (compatible; MJ12bot/v1.4.5; http://www.majestic12.co.uk/bot.php?+)"
5.9.142.226 - - [12/Aug/2016:06:58:24 +0200] "GET /forum/viewtopic.php?t=2556&p=20093 HTTP/1.0" 200 25640 "-" "Mozilla/5.0 (compatible; MJ12bot/v1.4.5; http://www.majestic12.co.uk/bot.php?+)"
5.9.142.226 - - [12/Aug/2016:06:58:35 +0200] "GET /forum/viewtopic.php?t=2556&p=20102 HTTP/1.0" 200 25640 "-" "Mozilla/5.0 (compatible; MJ12bot/v1.4.5; http://www.majestic12.co.uk/bot.php?+)"
5.9.142.226 - - [12/Aug/2016:06:58:41 +0200] "GET /forum/viewtopic.php?t=2556&p=20105 HTTP/1.0" 200 25640 "-" "Mozilla/5.0 (compatible; MJ12bot/v1.4.5; http://www.majestic12.co.uk/bot.php?+)"
